
> egov-backend@0.0.1 start
> nest start

[32m[Nest] 50046  - [39m05/20/2026, 1:03:01 PM [32m    LOG[39m [38;5;3m[NestFactory] [39m[32mStarting Nest application...[39m
[32m[Nest] 50046  - [39m05/20/2026, 1:03:01 PM [32m    LOG[39m [38;5;3m[InstanceLoader] [39m[32mTypeOrmModule dependencies initialized[39m[38;5;3m +53ms[39m
[32m[Nest] 50046  - [39m05/20/2026, 1:03:01 PM [32m    LOG[39m [38;5;3m[InstanceLoader] [39m[32mPassportModule dependencies initialized[39m[38;5;3m +0ms[39m
[32m[Nest] 50046  - [39m05/20/2026, 1:03:01 PM [32m    LOG[39m [38;5;3m[InstanceLoader] [39m[32mJwtModule dependencies initialized[39m[38;5;3m +4ms[39m
[32m[Nest] 50046  - [39m05/20/2026, 1:03:01 PM [32m    LOG[39m [38;5;3m[InstanceLoader] [39m[32mTypeOrmCoreModule dependencies initialized[39m[38;5;3m +97ms[39m
[32m[Nest] 50046  - [39m05/20/2026, 1:03:01 PM [32m    LOG[39m [38;5;3m[InstanceLoader] [39m[32mTypeOrmModule dependencies initialized[39m[38;5;3m +1ms[39m
[32m[Nest] 50046  - [39m05/20/2026, 1:03:01 PM [32m    LOG[39m [38;5;3m[InstanceLoader] [39m[32mAppModule dependencies initialized[39m[38;5;3m +5ms[39m
[32m[Nest] 50046  - [39m05/20/2026, 1:03:01 PM [32m    LOG[39m [38;5;3m[InstanceLoader] [39m[32mAuthModule dependencies initialized[39m[38;5;3m +2ms[39m
[32m[Nest] 50046  - [39m05/20/2026, 1:03:01 PM [32m    LOG[39m [38;5;3m[RoutesResolver] [39m[32mAppController {/}:[39m[38;5;3m +64ms[39m
[32m[Nest] 50046  - [39m05/20/2026, 1:03:01 PM [32m    LOG[39m [38;5;3m[RouterExplorer] [39m[32mMapped {/, GET} route[39m[38;5;3m +17ms[39m
[32m[Nest] 50046  - [39m05/20/2026, 1:03:01 PM [32m    LOG[39m [38;5;3m[RouterExplorer] [39m[32mMapped {/login, GET} route[39m[38;5;3m +2ms[39m
[32m[Nest] 50046  - [39m05/20/2026, 1:03:01 PM [32m    LOG[39m [38;5;3m[RouterExplorer] [39m[32mMapped {/dashboard, GET} route[39m[38;5;3m +4ms[39m
[32m[Nest] 50046  - [39m05/20/2026, 1:03:01 PM [32m    LOG[39m [38;5;3m[RouterExplorer] [39m[32mMapped {/civil-status, GET} route[39m[38;5;3m +0ms[39m
[32m[Nest] 50046  - [39m05/20/2026, 1:03:01 PM [32m    LOG[39m [38;5;3m[RouterExplorer] [39m[32mMapped {/api/lost-doc-schema, GET} route[39m[38;5;3m +4ms[39m
[32m[Nest] 50046  - [39m05/20/2026, 1:03:01 PM [32m    LOG[39m [38;5;3m[RoutesResolver] [39m[32mAuthController {/api/v1/auth/citizen}:[39m[38;5;3m +4ms[39m
[32m[Nest] 50046  - [39m05/20/2026, 1:03:01 PM [32m    LOG[39m [38;5;3m[RouterExplorer] [39m[32mMapped {/api/v1/auth/citizen/register, POST} route[39m[38;5;3m +4ms[39m
[32m[Nest] 50046  - [39m05/20/2026, 1:03:01 PM [32m    LOG[39m [38;5;3m[RouterExplorer] [39m[32mMapped {/api/v1/auth/citizen/login, POST} route[39m[38;5;3m +8ms[39m
[32m[Nest] 50046  - [39m05/20/2026, 1:03:01 PM [32m    LOG[39m [38;5;3m[RouterExplorer] [39m[32mMapped {/api/v1/auth/citizen/verify-document, POST} route[39m[38;5;3m +1ms[39m
[32m[Nest] 50046  - [39m05/20/2026, 1:03:01 PM [32m    LOG[39m [38;5;3m[RouterExplorer] [39m[32mMapped {/api/v1/auth/citizen/skip-verification, POST} route[39m[38;5;3m +1ms[39m
[32m[Nest] 50046  - [39m05/20/2026, 1:03:01 PM [32m    LOG[39m [38;5;3m[RouterExplorer] [39m[32mMapped {/api/v1/auth/citizen/profile, GET} route[39m[38;5;3m +2ms[39m
[32m[Nest] 50046  - [39m05/20/2026, 1:03:01 PM [32m    LOG[39m [38;5;3m[NestApplication] [39m[32mNest application successfully started[39m[38;5;3m +7ms[39m
[BACKEND] 🚀 E-Governance Backend & Portal running on: http://localhost:3000
[31m[Nest] 50046  - [39m05/20/2026, 7:16:56 PM [31m  ERROR[39m [38;5;3m[ExceptionsHandler] [39mTypeError: Converting circular structure to JSON
    --> starting at object with constructor 'Socket'
    |     property 'parser' -> object with constructor 'HTTPParser'
    --- property 'socket' closes the circle
    at JSON.stringify (<anonymous>)
    at stringify [90m(/home/jh/Documents/ICTU/OOADI/E-Governance/egov-backend/[39mnode_modules/[4mexpress[24m/lib/response.js:1034:12[90m)[39m
    at ServerResponse.json [90m(/home/jh/Documents/ICTU/OOADI/E-Governance/egov-backend/[39mnode_modules/[4mexpress[24m/lib/response.js:245:14[90m)[39m
    at ExpressAdapter.reply [90m(/home/jh/Documents/ICTU/OOADI/E-Governance/egov-backend/[39mnode_modules/[4m@nestjs/platform-express[24m/adapters/express-adapter.js:68:62[90m)[39m
    at RouterResponseController.apply [90m(/home/jh/Documents/ICTU/OOADI/E-Governance/egov-backend/[39mnode_modules/[4m@nestjs/core[24m/router/router-response-controller.js:15:36[90m)[39m
    at [90m/home/jh/Documents/ICTU/OOADI/E-Governance/egov-backend/[39mnode_modules/[4m@nestjs/core[24m/router/router-execution-context.js:181:48
    at async [90m/home/jh/Documents/ICTU/OOADI/E-Governance/egov-backend/[39mnode_modules/[4m@nestjs/core[24m/router/router-execution-context.js:47:13
    at async [90m/home/jh/Documents/ICTU/OOADI/E-Governance/egov-backend/[39mnode_modules/[4m@nestjs/core[24m/router/router-proxy.js:9:17
[31m[Nest] 50046  - [39m05/20/2026, 7:32:50 PM [31m  ERROR[39m [38;5;3m[ExceptionsHandler] [39mTypeError: Converting circular structure to JSON
    --> starting at object with constructor 'Socket'
    |     property 'parser' -> object with constructor 'HTTPParser'
    --- property 'socket' closes the circle
    at JSON.stringify (<anonymous>)
    at stringify [90m(/home/jh/Documents/ICTU/OOADI/E-Governance/egov-backend/[39mnode_modules/[4mexpress[24m/lib/response.js:1034:12[90m)[39m
    at ServerResponse.json [90m(/home/jh/Documents/ICTU/OOADI/E-Governance/egov-backend/[39mnode_modules/[4mexpress[24m/lib/response.js:245:14[90m)[39m
    at ExpressAdapter.reply [90m(/home/jh/Documents/ICTU/OOADI/E-Governance/egov-backend/[39mnode_modules/[4m@nestjs/platform-express[24m/adapters/express-adapter.js:68:62[90m)[39m
    at RouterResponseController.apply [90m(/home/jh/Documents/ICTU/OOADI/E-Governance/egov-backend/[39mnode_modules/[4m@nestjs/core[24m/router/router-response-controller.js:15:36[90m)[39m
    at [90m/home/jh/Documents/ICTU/OOADI/E-Governance/egov-backend/[39mnode_modules/[4m@nestjs/core[24m/router/router-execution-context.js:181:48
    at async [90m/home/jh/Documents/ICTU/OOADI/E-Governance/egov-backend/[39mnode_modules/[4m@nestjs/core[24m/router/router-execution-context.js:47:13
    at async [90m/home/jh/Documents/ICTU/OOADI/E-Governance/egov-backend/[39mnode_modules/[4m@nestjs/core[24m/router/router-proxy.js:9:17
[31m[Nest] 50046  - [39m05/20/2026, 8:14:57 PM [31m  ERROR[39m [38;5;3m[ExceptionsHandler] [39mTypeError: Converting circular structure to JSON
    --> starting at object with constructor 'Socket'
    |     property 'parser' -> object with constructor 'HTTPParser'
    --- property 'socket' closes the circle
    at JSON.stringify (<anonymous>)
    at stringify [90m(/home/jh/Documents/ICTU/OOADI/E-Governance/egov-backend/[39mnode_modules/[4mexpress[24m/lib/response.js:1034:12[90m)[39m
    at ServerResponse.json [90m(/home/jh/Documents/ICTU/OOADI/E-Governance/egov-backend/[39mnode_modules/[4mexpress[24m/lib/response.js:245:14[90m)[39m
    at ExpressAdapter.reply [90m(/home/jh/Documents/ICTU/OOADI/E-Governance/egov-backend/[39mnode_modules/[4m@nestjs/platform-express[24m/adapters/express-adapter.js:68:62[90m)[39m
    at RouterResponseController.apply [90m(/home/jh/Documents/ICTU/OOADI/E-Governance/egov-backend/[39mnode_modules/[4m@nestjs/core[24m/router/router-response-controller.js:15:36[90m)[39m
    at [90m/home/jh/Documents/ICTU/OOADI/E-Governance/egov-backend/[39mnode_modules/[4m@nestjs/core[24m/router/router-execution-context.js:181:48
    at async [90m/home/jh/Documents/ICTU/OOADI/E-Governance/egov-backend/[39mnode_modules/[4m@nestjs/core[24m/router/router-execution-context.js:47:13
    at async [90m/home/jh/Documents/ICTU/OOADI/E-Governance/egov-backend/[39mnode_modules/[4m@nestjs/core[24m/router/router-proxy.js:9:17
[31m[Nest] 50046  - [39m05/20/2026, 8:30:51 PM [31m  ERROR[39m [38;5;3m[ExceptionsHandler] [39mTypeError: Converting circular structure to JSON
    --> starting at object with constructor 'Socket'
    |     property 'parser' -> object with constructor 'HTTPParser'
    --- property 'socket' closes the circle
    at JSON.stringify (<anonymous>)
    at stringify [90m(/home/jh/Documents/ICTU/OOADI/E-Governance/egov-backend/[39mnode_modules/[4mexpress[24m/lib/response.js:1034:12[90m)[39m
    at ServerResponse.json [90m(/home/jh/Documents/ICTU/OOADI/E-Governance/egov-backend/[39mnode_modules/[4mexpress[24m/lib/response.js:245:14[90m)[39m
    at ExpressAdapter.reply [90m(/home/jh/Documents/ICTU/OOADI/E-Governance/egov-backend/[39mnode_modules/[4m@nestjs/platform-express[24m/adapters/express-adapter.js:68:62[90m)[39m
    at RouterResponseController.apply [90m(/home/jh/Documents/ICTU/OOADI/E-Governance/egov-backend/[39mnode_modules/[4m@nestjs/core[24m/router/router-response-controller.js:15:36[90m)[39m
    at [90m/home/jh/Documents/ICTU/OOADI/E-Governance/egov-backend/[39mnode_modules/[4m@nestjs/core[24m/router/router-execution-context.js:181:48
[90m    at process.processTicksAndRejections (node:internal/process/task_queues:104:5)[39m
    at async [90m/home/jh/Documents/ICTU/OOADI/E-Governance/egov-backend/[39mnode_modules/[4m@nestjs/core[24m/router/router-execution-context.js:47:13
    at async [90m/home/jh/Documents/ICTU/OOADI/E-Governance/egov-backend/[39mnode_modules/[4m@nestjs/core[24m/router/router-proxy.js:9:17
